../Core/Src/main.c:68:6:MostrarNumero	24	static
../Core/Src/main.c:101:5:main	8	static
../Core/Src/main.c:156:6:SystemClock_Config	88	static
../Core/Src/main.c:204:13:MX_I2C1_Init	8	static
../Core/Src/main.c:238:13:MX_USART2_UART_Init	8	static
../Core/Src/main.c:271:13:MX_GPIO_Init	48	static
../Core/Src/main.c:327:6:HAL_I2C_ListenCpltCallback	16	static
../Core/Src/main.c:331:6:HAL_I2C_AddrCallback	16	static
../Core/Src/main.c:348:6:HAL_I2C_SlaveRxCpltCallback	16	static
../Core/Src/main.c:355:6:HAL_I2C_SlaveTxCpltCallback	16	static
../Core/Src/main.c:359:6:HAL_I2C_ErrorCallback	16	static
../Core/Src/main.c:374:6:Error_Handler	4	static,ignoring_inline_asm
