../Core/Src/fisicas.c:55:9:calc_slope	16	static
../Core/Src/fisicas.c:67:9:get_floor	32	static
../Core/Src/fisicas.c:84:9:hay_escalera	32	static
../Core/Src/fisicas.c:102:9:bloque_en	24	static
../Core/Src/fisicas.c:110:6:Fisicas_Init	16	static
../Core/Src/fisicas.c:138:13:do_gravity	16	static
../Core/Src/fisicas.c:144:13:do_floor_col	32	static
../Core/Src/fisicas.c:186:13:do_move_x	24	static
../Core/Src/fisicas.c:209:13:do_jump	16	static
../Core/Src/fisicas.c:216:13:do_ladder	24	static
../Core/Src/fisicas.c:256:13:spawn_barril	24	static
../Core/Src/fisicas.c:273:13:update_barriles	32	static
../Core/Src/fisicas.c:309:16:check_hit	32	static
../Core/Src/fisicas.c:323:13:leer_input	8	static
../Core/Src/fisicas.c:346:13:respawn	16	static
../Core/Src/fisicas.c:358:6:Fisicas_Update	32	static
../Core/Src/fisicas.c:445:9:Jugador_PixelX	16	static
../Core/Src/fisicas.c:446:9:Jugador_PixelY	16	static
