../Core/Src/main.c:109:6:Draw_Parking_Area	40	static
../Core/Src/main.c:124:6:Update_Space	48	static
../Core/Src/main.c:143:6:Update_Counter	40	static
../Core/Src/main.c:165:5:main	24	static
../Core/Src/main.c:264:6:SystemClock_Config	88	static
../Core/Src/main.c:312:13:MX_I2C1_Init	8	static
../Core/Src/main.c:346:13:MX_SPI1_Init	8	static
../Core/Src/main.c:384:13:MX_TIM1_Init	96	static
../Core/Src/main.c:458:13:MX_TIM6_Init	16	static
../Core/Src/main.c:496:13:MX_UART4_Init	8	static
../Core/Src/main.c:529:13:MX_USART2_UART_Init	8	static
../Core/Src/main.c:560:13:MX_DMA_Init	16	static
../Core/Src/main.c:578:13:MX_GPIO_Init	48	static
../Core/Src/main.c:678:6:HAL_UART_RxCpltCallback	16	static
../Core/Src/main.c:720:6:HAL_TIM_PWM_PulseFinishedCallback	16	static
../Core/Src/main.c:725:6:HAL_GPIO_EXTI_Callback	32	static
../Core/Src/main.c:759:6:HAL_I2C_ListenCpltCallback	16	static
../Core/Src/main.c:763:6:HAL_I2C_AddrCallback	16	static
../Core/Src/main.c:780:6:HAL_I2C_SlaveTxCpltCallback	16	static
../Core/Src/main.c:784:6:HAL_I2C_ErrorCallback	16	static
../Core/Src/main.c:799:6:Error_Handler	4	static,ignoring_inline_asm
